EN servo_top_module NULL "C:/Users/acer/Desktop/HOMEWORKS/2nd Year/EEE/EEE-102/Project/ObstacleAvoidingRobotFinal/ObstacleAvoidingRobotFinal/SERVO_Top_Module.vhd" sub00/vhpl24 1450712937
EN rangesensor NULL "C:/Users/acer/Desktop/HOMEWORKS/2nd Year/EEE/EEE-102/Project/ObstacleAvoidingRobotFinal/ObstacleAvoidingRobotFinal/RangeSensor.vhd" sub00/vhpl06 1450712919
AR comparator behavioral "C:/Users/acer/Desktop/HOMEWORKS/2nd Year/EEE/EEE-102/Project/ObstacleAvoidingRobotFinal/ObstacleAvoidingRobotFinal/Comparator.vhd" sub00/vhpl19 1450712932
AR distancecalculator behavioral "C:/Users/acer/Desktop/HOMEWORKS/2nd Year/EEE/EEE-102/Project/ObstacleAvoidingRobotFinal/ObstacleAvoidingRobotFinal/DistanceCalculator.vhd" sub00/vhpl05 1450712918
EN dc_clock_divider NULL "C:/Users/acer/Desktop/HOMEWORKS/2nd Year/EEE/EEE-102/Project/ObstacleAvoidingRobotFinal/ObstacleAvoidingRobotFinal/DC_Clock_Divider.vhd" sub00/vhpl12 1450712925
AR dc_clock_divider behavioral "C:/Users/acer/Desktop/HOMEWORKS/2nd Year/EEE/EEE-102/Project/ObstacleAvoidingRobotFinal/ObstacleAvoidingRobotFinal/DC_Clock_Divider.vhd" sub00/vhpl13 1450712926
EN servo_clock_divider NULL "C:/Users/acer/Desktop/HOMEWORKS/2nd Year/EEE/EEE-102/Project/ObstacleAvoidingRobotFinal/ObstacleAvoidingRobotFinal/SERVO_Clock_Divider.vhd" sub00/vhpl08 1450712921
EN dc_pwm NULL "C:/Users/acer/Desktop/HOMEWORKS/2nd Year/EEE/EEE-102/Project/ObstacleAvoidingRobotFinal/ObstacleAvoidingRobotFinal/DC_PWM.vhd" sub00/vhpl14 1450712927
AR servo_clock_divider behavioral "C:/Users/acer/Desktop/HOMEWORKS/2nd Year/EEE/EEE-102/Project/ObstacleAvoidingRobotFinal/ObstacleAvoidingRobotFinal/SERVO_Clock_Divider.vhd" sub00/vhpl09 1450712922
AR servo_top_module behavioral "C:/Users/acer/Desktop/HOMEWORKS/2nd Year/EEE/EEE-102/Project/ObstacleAvoidingRobotFinal/ObstacleAvoidingRobotFinal/SERVO_Top_Module.vhd" sub00/vhpl25 1450712938
AR counter behavioral "C:/Users/acer/Desktop/HOMEWORKS/2nd Year/EEE/EEE-102/Project/ObstacleAvoidingRobotFinal/ObstacleAvoidingRobotFinal/Counter.vhd" sub00/vhpl01 1450712914
AR rangesensors_and_comparator behavioral "C:/Users/acer/Desktop/HOMEWORKS/2nd Year/EEE/EEE-102/Project/ObstacleAvoidingRobotFinal/ObstacleAvoidingRobotFinal/RangeSensors_and_Comparator.vhd" sub00/vhpl21 1450712934
AR servo_pwm behavioral "C:/Users/acer/Desktop/HOMEWORKS/2nd Year/EEE/EEE-102/Project/ObstacleAvoidingRobotFinal/ObstacleAvoidingRobotFinal/SERVO_PWM.vhd" sub00/vhpl11 1450712924
EN counter NULL "C:/Users/acer/Desktop/HOMEWORKS/2nd Year/EEE/EEE-102/Project/ObstacleAvoidingRobotFinal/ObstacleAvoidingRobotFinal/Counter.vhd" sub00/vhpl00 1450712913
EN triggergenerator NULL "C:/Users/acer/Desktop/HOMEWORKS/2nd Year/EEE/EEE-102/Project/ObstacleAvoidingRobotFinal/ObstacleAvoidingRobotFinal/TriggerGenerator.vhd" sub00/vhpl02 1450712915
EN range_sensors NULL "C:/Users/acer/Desktop/HOMEWORKS/2nd Year/EEE/EEE-102/Project/ObstacleAvoidingRobotFinal/ObstacleAvoidingRobotFinal/Range_Sensors.vhd" sub00/vhpl16 1450712929
AR dc_pwm behavioral "C:/Users/acer/Desktop/HOMEWORKS/2nd Year/EEE/EEE-102/Project/ObstacleAvoidingRobotFinal/ObstacleAvoidingRobotFinal/DC_PWM.vhd" sub00/vhpl15 1450712928
EN dc_top_module NULL "C:/Users/acer/Desktop/HOMEWORKS/2nd Year/EEE/EEE-102/Project/ObstacleAvoidingRobotFinal/ObstacleAvoidingRobotFinal/DC_Top_Module.vhd" sub00/vhpl22 1450712935
AR rangesensor behavioral "C:/Users/acer/Desktop/HOMEWORKS/2nd Year/EEE/EEE-102/Project/ObstacleAvoidingRobotFinal/ObstacleAvoidingRobotFinal/RangeSensor.vhd" sub00/vhpl07 1450712920
AR triggergenerator behavioral "C:/Users/acer/Desktop/HOMEWORKS/2nd Year/EEE/EEE-102/Project/ObstacleAvoidingRobotFinal/ObstacleAvoidingRobotFinal/TriggerGenerator.vhd" sub00/vhpl03 1450712916
EN distancecalculator NULL "C:/Users/acer/Desktop/HOMEWORKS/2nd Year/EEE/EEE-102/Project/ObstacleAvoidingRobotFinal/ObstacleAvoidingRobotFinal/DistanceCalculator.vhd" sub00/vhpl04 1450712917
AR dc_top_module behavioral "C:/Users/acer/Desktop/HOMEWORKS/2nd Year/EEE/EEE-102/Project/ObstacleAvoidingRobotFinal/ObstacleAvoidingRobotFinal/DC_Top_Module.vhd" sub00/vhpl23 1450712936
AR range_sensors behavioral "C:/Users/acer/Desktop/HOMEWORKS/2nd Year/EEE/EEE-102/Project/ObstacleAvoidingRobotFinal/ObstacleAvoidingRobotFinal/Range_Sensors.vhd" sub00/vhpl17 1450712930
EN obstacle_avoiding_robot_final NULL "C:/Users/acer/Desktop/HOMEWORKS/2nd Year/EEE/EEE-102/Project/ObstacleAvoidingRobotFinal/ObstacleAvoidingRobotFinal/Obstacle_Avoiding_Robot_Final.vhd" sub00/vhpl26 1450712939
EN rangesensors_and_comparator NULL "C:/Users/acer/Desktop/HOMEWORKS/2nd Year/EEE/EEE-102/Project/ObstacleAvoidingRobotFinal/ObstacleAvoidingRobotFinal/RangeSensors_and_Comparator.vhd" sub00/vhpl20 1450712933
EN comparator NULL "C:/Users/acer/Desktop/HOMEWORKS/2nd Year/EEE/EEE-102/Project/ObstacleAvoidingRobotFinal/ObstacleAvoidingRobotFinal/Comparator.vhd" sub00/vhpl18 1450712931
AR obstacle_avoiding_robot_final behavioral "C:/Users/acer/Desktop/HOMEWORKS/2nd Year/EEE/EEE-102/Project/ObstacleAvoidingRobotFinal/ObstacleAvoidingRobotFinal/Obstacle_Avoiding_Robot_Final.vhd" sub00/vhpl27 1450712940
EN servo_pwm NULL "C:/Users/acer/Desktop/HOMEWORKS/2nd Year/EEE/EEE-102/Project/ObstacleAvoidingRobotFinal/ObstacleAvoidingRobotFinal/SERVO_PWM.vhd" sub00/vhpl10 1450712923
