V3 55
FL "C:/Users/acer/Desktop/HOMEWORKS/2nd Year/EEE/EEE-102/Project/ObstacleAvoidingRobotFinal/ObstacleAvoidingRobotFinal/Comparator.vhd" 2015/12/01.01:50:49 M.81d
EN work/Comparator 1450712931 \
      FL "C:/Users/acer/Desktop/HOMEWORKS/2nd Year/EEE/EEE-102/Project/ObstacleAvoidingRobotFinal/ObstacleAvoidingRobotFinal/Comparator.vhd" \
      PB ieee/std_logic_1164 1290154108 PB ieee/STD_LOGIC_UNSIGNED 1290154110 \
      PB ieee/NUMERIC_STD 1290154109
AR work/Comparator/Behavioral 1450712932 \
      FL "C:/Users/acer/Desktop/HOMEWORKS/2nd Year/EEE/EEE-102/Project/ObstacleAvoidingRobotFinal/ObstacleAvoidingRobotFinal/Comparator.vhd" \
      EN work/Comparator 1450712931
FL "C:/Users/acer/Desktop/HOMEWORKS/2nd Year/EEE/EEE-102/Project/ObstacleAvoidingRobotFinal/ObstacleAvoidingRobotFinal/Counter.vhd" 2015/12/13.23:25:52 M.81d
EN work/Counter 1450712913 \
      FL "C:/Users/acer/Desktop/HOMEWORKS/2nd Year/EEE/EEE-102/Project/ObstacleAvoidingRobotFinal/ObstacleAvoidingRobotFinal/Counter.vhd" \
      PB ieee/std_logic_1164 1290154108 PB ieee/STD_LOGIC_UNSIGNED 1290154110
AR work/Counter/Behavioral 1450712914 \
      FL "C:/Users/acer/Desktop/HOMEWORKS/2nd Year/EEE/EEE-102/Project/ObstacleAvoidingRobotFinal/ObstacleAvoidingRobotFinal/Counter.vhd" \
      EN work/Counter 1450712913
FL "C:/Users/acer/Desktop/HOMEWORKS/2nd Year/EEE/EEE-102/Project/ObstacleAvoidingRobotFinal/ObstacleAvoidingRobotFinal/DC_Clock_Divider.vhd" 2015/12/13.18:58:13 M.81d
EN work/DC_Clock_Divider 1450712925 \
      FL "C:/Users/acer/Desktop/HOMEWORKS/2nd Year/EEE/EEE-102/Project/ObstacleAvoidingRobotFinal/ObstacleAvoidingRobotFinal/DC_Clock_Divider.vhd" \
      PB ieee/std_logic_1164 1290154108
AR work/DC_Clock_Divider/Behavioral 1450712926 \
      FL "C:/Users/acer/Desktop/HOMEWORKS/2nd Year/EEE/EEE-102/Project/ObstacleAvoidingRobotFinal/ObstacleAvoidingRobotFinal/DC_Clock_Divider.vhd" \
      EN work/DC_Clock_Divider 1450712925
FL "C:/Users/acer/Desktop/HOMEWORKS/2nd Year/EEE/EEE-102/Project/ObstacleAvoidingRobotFinal/ObstacleAvoidingRobotFinal/DC_PWM.vhd" 2015/12/21.17:47:59 M.81d
EN work/DC_PWM 1450712927 \
      FL "C:/Users/acer/Desktop/HOMEWORKS/2nd Year/EEE/EEE-102/Project/ObstacleAvoidingRobotFinal/ObstacleAvoidingRobotFinal/DC_PWM.vhd" \
      PB ieee/std_logic_1164 1290154108
AR work/DC_PWM/Behavioral 1450712928 \
      FL "C:/Users/acer/Desktop/HOMEWORKS/2nd Year/EEE/EEE-102/Project/ObstacleAvoidingRobotFinal/ObstacleAvoidingRobotFinal/DC_PWM.vhd" \
      EN work/DC_PWM 1450712927
FL "C:/Users/acer/Desktop/HOMEWORKS/2nd Year/EEE/EEE-102/Project/ObstacleAvoidingRobotFinal/ObstacleAvoidingRobotFinal/DC_Top_Module.vhd" 2015/12/13.20:56:00 M.81d
EN work/DC_Top_Module 1450712935 \
      FL "C:/Users/acer/Desktop/HOMEWORKS/2nd Year/EEE/EEE-102/Project/ObstacleAvoidingRobotFinal/ObstacleAvoidingRobotFinal/DC_Top_Module.vhd" \
      PB ieee/std_logic_1164 1290154108
AR work/DC_Top_Module/Behavioral 1450712936 \
      FL "C:/Users/acer/Desktop/HOMEWORKS/2nd Year/EEE/EEE-102/Project/ObstacleAvoidingRobotFinal/ObstacleAvoidingRobotFinal/DC_Top_Module.vhd" \
      EN work/DC_Top_Module 1450712935 CP DC_Clock_Divider CP DC_PWM
FL "C:/Users/acer/Desktop/HOMEWORKS/2nd Year/EEE/EEE-102/Project/ObstacleAvoidingRobotFinal/ObstacleAvoidingRobotFinal/DistanceCalculator.vhd" 2015/11/09.08:50:23 M.81d
EN work/DistanceCalculator 1450712917 \
      FL "C:/Users/acer/Desktop/HOMEWORKS/2nd Year/EEE/EEE-102/Project/ObstacleAvoidingRobotFinal/ObstacleAvoidingRobotFinal/DistanceCalculator.vhd" \
      PB ieee/std_logic_1164 1290154108 PB ieee/STD_LOGIC_UNSIGNED 1290154110 \
      PB ieee/NUMERIC_STD 1290154109
AR work/DistanceCalculator/Behavioral 1450712918 \
      FL "C:/Users/acer/Desktop/HOMEWORKS/2nd Year/EEE/EEE-102/Project/ObstacleAvoidingRobotFinal/ObstacleAvoidingRobotFinal/DistanceCalculator.vhd" \
      EN work/DistanceCalculator 1450712917 CP Counter
FL "C:/Users/acer/Desktop/HOMEWORKS/2nd Year/EEE/EEE-102/Project/ObstacleAvoidingRobotFinal/ObstacleAvoidingRobotFinal/Obstacle_Avoiding_Robot_Final.vhd" 2015/12/13.20:46:04 M.81d
EN work/Obstacle_Avoiding_Robot_Final 1450712939 \
      FL "C:/Users/acer/Desktop/HOMEWORKS/2nd Year/EEE/EEE-102/Project/ObstacleAvoidingRobotFinal/ObstacleAvoidingRobotFinal/Obstacle_Avoiding_Robot_Final.vhd" \
      PB ieee/std_logic_1164 1290154108
AR work/Obstacle_Avoiding_Robot_Final/Behavioral 1450712940 \
      FL "C:/Users/acer/Desktop/HOMEWORKS/2nd Year/EEE/EEE-102/Project/ObstacleAvoidingRobotFinal/ObstacleAvoidingRobotFinal/Obstacle_Avoiding_Robot_Final.vhd" \
      EN work/Obstacle_Avoiding_Robot_Final 1450712939 \
      CP RangeSensors_and_Comparator CP DC_Top_Module CP SERVO_Top_Module
FL "C:/Users/acer/Desktop/HOMEWORKS/2nd Year/EEE/EEE-102/Project/ObstacleAvoidingRobotFinal/ObstacleAvoidingRobotFinal/RangeSensor.vhd" 2015/11/09.08:50:23 M.81d
EN work/RangeSensor 1450712919 \
      FL "C:/Users/acer/Desktop/HOMEWORKS/2nd Year/EEE/EEE-102/Project/ObstacleAvoidingRobotFinal/ObstacleAvoidingRobotFinal/RangeSensor.vhd" \
      PB ieee/std_logic_1164 1290154108 PB ieee/STD_LOGIC_UNSIGNED 1290154110 \
      PB ieee/NUMERIC_STD 1290154109
AR work/RangeSensor/Behavioral 1450712920 \
      FL "C:/Users/acer/Desktop/HOMEWORKS/2nd Year/EEE/EEE-102/Project/ObstacleAvoidingRobotFinal/ObstacleAvoidingRobotFinal/RangeSensor.vhd" \
      EN work/RangeSensor 1450712919 CP TriggerGenerator CP DistanceCalculator
FL "C:/Users/acer/Desktop/HOMEWORKS/2nd Year/EEE/EEE-102/Project/ObstacleAvoidingRobotFinal/ObstacleAvoidingRobotFinal/RangeSensors_and_Comparator.vhd" 2015/12/01.02:41:52 M.81d
EN work/RangeSensors_and_Comparator 1450712933 \
      FL "C:/Users/acer/Desktop/HOMEWORKS/2nd Year/EEE/EEE-102/Project/ObstacleAvoidingRobotFinal/ObstacleAvoidingRobotFinal/RangeSensors_and_Comparator.vhd" \
      PB ieee/std_logic_1164 1290154108
AR work/RangeSensors_and_Comparator/Behavioral 1450712934 \
      FL "C:/Users/acer/Desktop/HOMEWORKS/2nd Year/EEE/EEE-102/Project/ObstacleAvoidingRobotFinal/ObstacleAvoidingRobotFinal/RangeSensors_and_Comparator.vhd" \
      EN work/RangeSensors_and_Comparator 1450712933 CP Range_Sensors \
      CP Comparator
FL "C:/Users/acer/Desktop/HOMEWORKS/2nd Year/EEE/EEE-102/Project/ObstacleAvoidingRobotFinal/ObstacleAvoidingRobotFinal/Range_Sensors.vhd" 2015/12/01.00:16:59 M.81d
EN work/Range_Sensors 1450712929 \
      FL "C:/Users/acer/Desktop/HOMEWORKS/2nd Year/EEE/EEE-102/Project/ObstacleAvoidingRobotFinal/ObstacleAvoidingRobotFinal/Range_Sensors.vhd" \
      PB ieee/std_logic_1164 1290154108 PB ieee/STD_LOGIC_UNSIGNED 1290154110 \
      PB ieee/NUMERIC_STD 1290154109
AR work/Range_Sensors/Behavioral 1450712930 \
      FL "C:/Users/acer/Desktop/HOMEWORKS/2nd Year/EEE/EEE-102/Project/ObstacleAvoidingRobotFinal/ObstacleAvoidingRobotFinal/Range_Sensors.vhd" \
      EN work/Range_Sensors 1450712929 CP RangeSensor
FL "C:/Users/acer/Desktop/HOMEWORKS/2nd Year/EEE/EEE-102/Project/ObstacleAvoidingRobotFinal/ObstacleAvoidingRobotFinal/SERVO_Clock_Divider.vhd" 2015/12/13.19:03:59 M.81d
EN work/SERVO_Clock_Divider 1450712921 \
      FL "C:/Users/acer/Desktop/HOMEWORKS/2nd Year/EEE/EEE-102/Project/ObstacleAvoidingRobotFinal/ObstacleAvoidingRobotFinal/SERVO_Clock_Divider.vhd" \
      PB ieee/std_logic_1164 1290154108
AR work/SERVO_Clock_Divider/Behavioral 1450712922 \
      FL "C:/Users/acer/Desktop/HOMEWORKS/2nd Year/EEE/EEE-102/Project/ObstacleAvoidingRobotFinal/ObstacleAvoidingRobotFinal/SERVO_Clock_Divider.vhd" \
      EN work/SERVO_Clock_Divider 1450712921
FL "C:/Users/acer/Desktop/HOMEWORKS/2nd Year/EEE/EEE-102/Project/ObstacleAvoidingRobotFinal/ObstacleAvoidingRobotFinal/SERVO_PWM.vhd" 2015/12/14.21:03:29 M.81d
EN work/SERVO_PWM 1450712923 \
      FL "C:/Users/acer/Desktop/HOMEWORKS/2nd Year/EEE/EEE-102/Project/ObstacleAvoidingRobotFinal/ObstacleAvoidingRobotFinal/SERVO_PWM.vhd" \
      PB ieee/std_logic_1164 1290154108
AR work/SERVO_PWM/Behavioral 1450712924 \
      FL "C:/Users/acer/Desktop/HOMEWORKS/2nd Year/EEE/EEE-102/Project/ObstacleAvoidingRobotFinal/ObstacleAvoidingRobotFinal/SERVO_PWM.vhd" \
      EN work/SERVO_PWM 1450712923
FL "C:/Users/acer/Desktop/HOMEWORKS/2nd Year/EEE/EEE-102/Project/ObstacleAvoidingRobotFinal/ObstacleAvoidingRobotFinal/SERVO_Top_Module.vhd" 2015/12/13.20:56:19 M.81d
EN work/SERVO_Top_Module 1450712937 \
      FL "C:/Users/acer/Desktop/HOMEWORKS/2nd Year/EEE/EEE-102/Project/ObstacleAvoidingRobotFinal/ObstacleAvoidingRobotFinal/SERVO_Top_Module.vhd" \
      PB ieee/std_logic_1164 1290154108
AR work/SERVO_Top_Module/Behavioral 1450712938 \
      FL "C:/Users/acer/Desktop/HOMEWORKS/2nd Year/EEE/EEE-102/Project/ObstacleAvoidingRobotFinal/ObstacleAvoidingRobotFinal/SERVO_Top_Module.vhd" \
      EN work/SERVO_Top_Module 1450712937 CP SERVO_Clock_Divider CP SERVO_PWM
FL "C:/Users/acer/Desktop/HOMEWORKS/2nd Year/EEE/EEE-102/Project/ObstacleAvoidingRobotFinal/ObstacleAvoidingRobotFinal/TriggerGenerator.vhd" 2015/12/13.23:25:52 M.81d
EN work/TriggerGenerator 1450712915 \
      FL "C:/Users/acer/Desktop/HOMEWORKS/2nd Year/EEE/EEE-102/Project/ObstacleAvoidingRobotFinal/ObstacleAvoidingRobotFinal/TriggerGenerator.vhd" \
      PB ieee/std_logic_1164 1290154108
AR work/TriggerGenerator/Behavioral 1450712916 \
      FL "C:/Users/acer/Desktop/HOMEWORKS/2nd Year/EEE/EEE-102/Project/ObstacleAvoidingRobotFinal/ObstacleAvoidingRobotFinal/TriggerGenerator.vhd" \
      EN work/TriggerGenerator 1450712915 CP Counter
